
 Start  Stop   Length Name                   Class
 00000H 03EE8H 03EE9H _TEXT                  CODE
 03EEAH 03FF0H 00107H INTRPT_TEXT            CODE
 03FF2H 04565H 00574H CODE                   CODE
 04570H 04570H 00000H FAR_DATA               FAR_DATA
 04570H 04570H 00000H FAR_BSS                FAR_BSS
 04570H 07886H 03317H NULL                   BEGDATA
 07888H 078B9H 00032H _DATA                  DATA
 078BAH 078C7H 0000EH CDATA                  DATA
 078C8H 078C8H 00000H XIB                    DATA
 078C8H 078C8H 00000H XI                     DATA
 078C8H 078C8H 00000H XIE                    DATA
 078C8H 078C8H 00000H XPB                    DATA
 078C8H 078C8H 00000H XP                     DATA
 078C8H 078C8H 00000H XPE                    DATA
 078C8H 078C8H 00000H XCB                    DATA
 078C8H 078C8H 00000H XC                     DATA
 078C8H 078C8H 00000H XCE                    DATA
 078C8H 078D3H 0000CH DBDATA                 DATA
 078D4H 078D9H 00006H _BSS                   DATA
 078DAH 078DAH 00000H BC_SAB                 BC_SEGS
 078DAH 078DDH 00004H BC_SA                  BC_SEGS
 078DEH 078E3H 00006H NMALLOC                BC_VARS
 078E4H 078E4H 00000H ENMALLOC               BC_VARS
 078E4H 078E4H 00000H XOB                    BSS
 078E4H 078E4H 00000H XO                     BSS
 078E4H 078E4H 00000H XOE                    BSS
 078F0H 078F0H 00000H STACK                  STACK
 078F0H 087CAH 00EDBH SYMBOL                 

 Origin   Group
 0457:0   DGROUP

Program entry point at 078F:0000
